
> cryshel-abella-portfolio@1.0.0 build
> next build

  Γû▓ Next.js 14.2.3
  - Experiments (use with caution):
    ┬╖ typedRoutes
    ┬╖ scrollRestoration

   Creating an optimized production build ...
 Γ£ô Compiled successfully
   Linting and checking validity of types ...
   Collecting page data ...
